50614 execve("./avl_tree", ["./avl_tree"], 0x7fffd5e1f520 /* 55 vars */) = 0
50614 brk(NULL)                         = 0x33095000
50614 access("/etc/ld.so.preload", R_OK) = -1 ENOENT (Нет такого файла или каталога)
50614 openat(AT_FDCWD</home/katya/PycharmProjects/laboratory_works_asd_2_sem/4_lab_avl>, "/etc/ld.so.cache", O_RDONLY|O_CLOEXEC) = 3</etc/ld.so.cache>
50614 fstat(3</etc/ld.so.cache>, {st_mode=S_IFREG|0644, st_size=82771, ...}) = 0
50614 mmap(NULL, 82771, PROT_READ, MAP_PRIVATE, 3</etc/ld.so.cache>, 0) = 0x7efe09d6a000
50614 close(3</etc/ld.so.cache>)        = 0
50614 openat(AT_FDCWD</home/katya/PycharmProjects/laboratory_works_asd_2_sem/4_lab_avl>, "/lib64/libc.so.6", O_RDONLY|O_CLOEXEC) = 3</usr/lib64/libc.so.6>
50614 read(3</usr/lib64/libc.so.6>, "\177ELF\2\1\1\3\0\0\0\0\0\0\0\0\3\0>\0\1\0\0\0\2408\0\0\0\0\0\0@\0\0\0\0\0\0\0\260\316%\0\0\0\0\0\0\0\0\0@\08\0\16\0@\0D\0C\0\6\0\0\0\4\0\0\0@\0\0\0\0\0\0\0@\0\0\0\0\0\0\0@\0\0\0\0\0\0\0\20\3\0\0\0\0\0\0\20\3\0\0\0\0\0\0\10\0\0\0\0\0\0\0\3\0\0\0\4\0\0\0\0\360\33\0\0\0\0\0\0\360\33\0\0\0\0\0\0\360\33\0\0\0\0\0\34\0\0\0\0\0\0\0\34\0\0\0\0\0\0\0\20\0\0\0\0\0\0\0\1\0\0\0\5\0\0\0\0\0\0\0\0\0\0\0\0\0\0\0\0\0\0\0\0\0\0\0\0\0\0\0-\36\27\0\0\0\0\0-\36\27\0\0\0\0\0\0\20\0\0\0\0\0\0\1\0\0\0\4\0\0\0\0 \27\0\0\0\0\0\0 \27\0\0\0\0\0\0 \27\0\0\0\0\0\10\216\7\0\0\0\0\0\10\216\7\0\0\0\0\0\0\20\0\0\0\0\0\0\1\0\0\0\6\0\0\0x\273\36\0"..., 832) = 832
50614 pread64(3</usr/lib64/libc.so.6>, "\6\0\0\0\4\0\0\0@\0\0\0\0\0\0\0@\0\0\0\0\0\0\0@\0\0\0\0\0\0\0\20\3\0\0\0\0\0\0\20\3\0\0\0\0\0\0\10\0\0\0\0\0\0\0\3\0\0\0\4\0\0\0\0\360\33\0\0\0\0\0\0\360\33\0\0\0\0\0\0\360\33\0\0\0\0\0\34\0\0\0\0\0\0\0\34\0\0\0\0\0\0\0\20\0\0\0\0\0\0\0\1\0\0\0\5\0\0\0\0\0\0\0\0\0\0\0\0\0\0\0\0\0\0\0\0\0\0\0\0\0\0\0-\36\27\0\0\0\0\0-\36\27\0\0\0\0\0\0\20\0\0\0\0\0\0\1\0\0\0\4\0\0\0\0 \27\0\0\0\0\0\0 \27\0\0\0\0\0\0 \27\0\0\0\0\0\10\216\7\0\0\0\0\0\10\216\7\0\0\0\0\0\0\20\0\0\0\0\0\0\1\0\0\0\6\0\0\0x\273\36\0\0\0\0\0x\273\36\0\0\0\0\0x\273\36\0\0\0\0\0\20K\0\0\0\0\0\0\370\317\0\0\0\0\0\0\0\20\0\0\0\0\0\0\2\0\0\0\6\0\0\0 \351\36\0\0\0\0\0 \351\36\0"..., 784, 64) = 784
50614 fstat(3</usr/lib64/libc.so.6>, {st_mode=S_IFREG|0755, st_size=2482096, ...}) = 0
50614 mmap(NULL, 8192, PROT_READ|PROT_WRITE, MAP_PRIVATE|MAP_ANONYMOUS, -1, 0) = 0x7efe09d68000
50614 pread64(3</usr/lib64/libc.so.6>, "\6\0\0\0\4\0\0\0@\0\0\0\0\0\0\0@\0\0\0\0\0\0\0@\0\0\0\0\0\0\0\20\3\0\0\0\0\0\0\20\3\0\0\0\0\0\0\10\0\0\0\0\0\0\0\3\0\0\0\4\0\0\0\0\360\33\0\0\0\0\0\0\360\33\0\0\0\0\0\0\360\33\0\0\0\0\0\34\0\0\0\0\0\0\0\34\0\0\0\0\0\0\0\20\0\0\0\0\0\0\0\1\0\0\0\5\0\0\0\0\0\0\0\0\0\0\0\0\0\0\0\0\0\0\0\0\0\0\0\0\0\0\0-\36\27\0\0\0\0\0-\36\27\0\0\0\0\0\0\20\0\0\0\0\0\0\1\0\0\0\4\0\0\0\0 \27\0\0\0\0\0\0 \27\0\0\0\0\0\0 \27\0\0\0\0\0\10\216\7\0\0\0\0\0\10\216\7\0\0\0\0\0\0\20\0\0\0\0\0\0\1\0\0\0\6\0\0\0x\273\36\0\0\0\0\0x\273\36\0\0\0\0\0x\273\36\0\0\0\0\0\20K\0\0\0\0\0\0\370\317\0\0\0\0\0\0\0\20\0\0\0\0\0\0\2\0\0\0\6\0\0\0 \351\36\0\0\0\0\0 \351\36\0"..., 784, 64) = 784
50614 mmap(NULL, 2067312, PROT_READ|PROT_EXEC, MAP_PRIVATE|MAP_DENYWRITE, 3</usr/lib64/libc.so.6>, 0) = 0x7efe09b6f000
50614 mmap(0x7efe09ce1000, 495616, PROT_READ, MAP_PRIVATE|MAP_FIXED|MAP_DENYWRITE, 3</usr/lib64/libc.so.6>, 0x172000) = 0x7efe09ce1000
50614 mmap(0x7efe09d5a000, 24576, PROT_READ|PROT_WRITE, MAP_PRIVATE|MAP_FIXED|MAP_DENYWRITE, 3</usr/lib64/libc.so.6>, 0x1eb000) = 0x7efe09d5a000
50614 mmap(0x7efe09d60000, 31600, PROT_READ|PROT_WRITE, MAP_PRIVATE|MAP_FIXED|MAP_ANONYMOUS, -1, 0) = 0x7efe09d60000
50614 close(3</usr/lib64/libc.so.6>)    = 0
50614 mmap(NULL, 12288, PROT_READ|PROT_WRITE, MAP_PRIVATE|MAP_ANONYMOUS, -1, 0) = 0x7efe09b6c000
50614 arch_prctl(ARCH_SET_FS, 0x7efe09b6c740) = 0
50614 set_tid_address(0x7efe09b6cd68)   = 50614
50614 set_robust_list(0x7efe09b6ca20, 24) = 0
50614 rseq({cpu_id_start=0, cpu_id=RSEQ_CPU_ID_UNINITIALIZED, rseq_cs=NULL, flags=0, node_id=0, mm_cid=0, slice_ctrl={request=0, granted=0, __reserved=0}, __reserved=0}, 33, 0, 0x53053053) = 0
50614 mprotect(0x7efe09d5a000, 16384, PROT_READ) = 0
50614 mprotect(0x403000, 4096, PROT_READ) = 0
50614 mprotect(0x7efe09dbe000, 8192, PROT_READ) = 0
50614 prlimit64(0, RLIMIT_STACK, NULL, {rlim_cur=8192*1024, rlim_max=RLIM64_INFINITY}) = 0
50614 getrandom("\x35\x7d\xa8\x98\x13\xcb\x4c\x82", 8, GRND_NONBLOCK) = 8
50614 munmap(0x7efe09d6a000, 82771)     = 0
50614 fstat(1</dev/pts/0>, {st_mode=S_IFCHR|0600, st_rdev=makedev(0x88, 0), ...}) = 0
50614 brk(NULL)                         = 0x33095000
50614 brk(0x330b6000)                   = 0x330b6000
50614 write(1</dev/pts/0>, " 1 <\320\272\320\273\321\216\321\207> <\320\267\320\275\320\260\321\207\320\265\320\275\320\270\320\265> \342\200\224 \320\264\320\276\320\261\320\260\320\262\320\270\321\202\321\214\n", 54) = 54
50614 write(1</dev/pts/0>, " 2 <\320\272\320\273\321\216\321\207>            \342\200\224 \321\203\320\264\320\260\320\273\320\270\321\202\321\214\n", 44) = 44
50614 write(1</dev/pts/0>, " 3                   \342\200\224 \320\277\320\265\321\207\320\260\321\202\321\214 \320\264\320\265\321\200\320\265\320\262\320\260\n", 51) = 51
50614 write(1</dev/pts/0>, " 4 <\320\272\320\273\321\216\321\207>            \342\200\224 \320\277\320\276\320\270\321\201\320\272\n", 40) = 40
50614 write(1</dev/pts/0>, " 5                   \342\200\224 \320\262\321\213\320\277\320\276\320\273\320\275\320\270\321\202\321\214 \320\270\320\267 \321\204\320\260\320\271\320\273\320\260\n", 60) = 60
50614 write(1</dev/pts/0>, " 0                   \342\200\224 \320\262\321\213\321\205\320\276\320\264\n", 36) = 36
50614 write(1</dev/pts/0>, "\n", 1)     = 1
50614 fstat(0</home/katya/PycharmProjects/laboratory_works_asd_2_sem/4_lab_avl/cmd.txt>, {st_mode=S_IFREG|0644, st_size=49, ...}) = 0
50614 read(0</home/katya/PycharmProjects/laboratory_works_asd_2_sem/4_lab_avl/cmd.txt>, "1 abc 1.5\n3\n5\nfiles/input.txt\nfiles/output.txt\n0\n", 4096) = 49
50614 write(1</dev/pts/0>, "\320\222\320\262\320\265\320\264\320\270\321\202\320\265 \320\272\320\276\320\274\320\260\320\275\320\264\321\203: \320\243\320\267\320\265\320\273 \320\264\320\276\320\261\320\260\320\262\320\273\320\265\320\275: \320\272\320\273\321\216\321\207=abc, \320\267\320\275\320\260\321\207\320\265\320\275\320\270\320\265=1.5000\n", 96) = 96
50614 write(1</dev/pts/0>, "\n", 1)     = 1
50614 write(1</dev/pts/0>, "\320\222\320\262\320\265\320\264\320\270\321\202\320\265 \320\272\320\276\320\274\320\260\320\275\320\264\321\203: abc 1.500000\n", 44) = 44
50614 write(1</dev/pts/0>, "\n", 1)     = 1
50614 openat(AT_FDCWD</home/katya/PycharmProjects/laboratory_works_asd_2_sem/4_lab_avl>, "files/input.txt", O_RDONLY) = 3</home/katya/PycharmProjects/laboratory_works_asd_2_sem/4_lab_avl/files/input.txt>
50614 openat(AT_FDCWD</home/katya/PycharmProjects/laboratory_works_asd_2_sem/4_lab_avl>, "files/output.txt", O_WRONLY|O_CREAT|O_TRUNC, 0666) = 4</home/katya/PycharmProjects/laboratory_works_asd_2_sem/4_lab_avl/files/output.txt>
50614 fstat(3</home/katya/PycharmProjects/laboratory_works_asd_2_sem/4_lab_avl/files/input.txt>, {st_mode=S_IFREG|0644, st_size=76, ...}) = 0
50614 read(3</home/katya/PycharmProjects/laboratory_works_asd_2_sem/4_lab_avl/files/input.txt>, "1 qwerty 3.14\n1 asdf 5.0\n3\n1 dyz 4.5\n1 uiop 7.7777\n3\n4 asdf\n2 dyz\n3\n4 qwerty", 4096) = 76
50614 fstat(4</home/katya/PycharmProjects/laboratory_works_asd_2_sem/4_lab_avl/files/output.txt>, {st_mode=S_IFREG|0644, st_size=0, ...}) = 0
50614 read(3</home/katya/PycharmProjects/laboratory_works_asd_2_sem/4_lab_avl/files/input.txt>, "", 4096) = 0
50614 close(3</home/katya/PycharmProjects/laboratory_works_asd_2_sem/4_lab_avl/files/input.txt>) = 0
50614 write(4</home/katya/PycharmProjects/laboratory_works_asd_2_sem/4_lab_avl/files/output.txt>, "1 qwerty 3.1400\n\320\243\320\267\320\265\320\273 \320\264\320\276\320\261\320\260\320\262\320\273\320\265\320\275: \320\272\320\273\321\216\321\207=qwerty, \320\267\320\275\320\260\321\207\320\265\320\275\320\270\320\265=3.1400\n\n1 asdf 5.0000\n\320\243\320\267\320\265\320\273 \320\264\320\276\320\261\320\260\320\262\320\273\320\265\320\275: \320\272\320\273\321\216\321\207=asdf, \320\267\320\275\320\260\321\207\320\265\320\275\320\270\320\265=5.0000\n\n3\nasdf 5.000000\n  abc 1.500000\n  qwerty 3.140000\n\n1 dyz 4.5000\n\320\243\320\267\320\265\320\273 \320\264\320\276\320\261\320\260\320\262\320\273\320\265\320\275: \320\272\320\273\321\216\321\207=dyz, \320\267\320\275\320\260\321\207\320\265\320\275\320\270\320\265=4.5000\n\n1 uio"..., 702) = 702
50614 close(4</home/katya/PycharmProjects/laboratory_works_asd_2_sem/4_lab_avl/files/output.txt>) = 0
50614 write(1</dev/pts/0>, "\320\222\320\262\320\265\320\264\320\270\321\202\320\265 \320\272\320\276\320\274\320\260\320\275\320\264\321\203: \320\237\321\203\321\202\321\214 \320\272 \320\262\321\205\320\276\320\264\320\275\320\276\320\274\321\203 \321\204\320\260\320\271\320\273\321\203: \320\237\321\203\321\202\321\214 \320\272 \320\262\321\213\321\205\320\276\320\264\320\275\320\276\320\274\321\203 \321\204\320\260\320\271\320\273\321\203: \n\320\240\320\265\320\267\321\203\320\273\321\214\321\202\320\260\321\202\321\213 \320\267\320\260\320\277\320\270\321\201\320\260\320\275\321\213 \320\262 \321\204\320\260\320\271\320\273: files/output.txt\n", 184) = 184
50614 write(1</dev/pts/0>, "\n", 1)     = 1
50614 write(1</dev/pts/0>, "\320\222\320\262\320\265\320\264\320\270\321\202\320\265 \320\272\320\276\320\274\320\260\320\275\320\264\321\203: \320\222\321\213\321\205\320\276\320\264.\n", 43) = 43
50614 lseek(0</home/katya/PycharmProjects/laboratory_works_asd_2_sem/4_lab_avl/cmd.txt>, -1, SEEK_CUR) = 48
50614 exit_group(0)                     = ?
50614 +++ exited with 0 +++
