50184 execve("./main", ["./main"], 0x7ffecd2b75d0 /* 55 vars */) = 0
50184 brk(NULL)                         = 0x1dc05000
50184 access("/etc/ld.so.preload", R_OK) = -1 ENOENT (Нет такого файла или каталога)
50184 openat(AT_FDCWD</home/katya/PycharmProjects/laboratory_works_asd_2_sem/3_lab_calc>, "/etc/ld.so.cache", O_RDONLY|O_CLOEXEC) = 3</etc/ld.so.cache>
50184 fstat(3</etc/ld.so.cache>, {st_mode=S_IFREG|0644, st_size=82771, ...}) = 0
50184 mmap(NULL, 82771, PROT_READ, MAP_PRIVATE, 3</etc/ld.so.cache>, 0) = 0x7f1984b2d000
50184 close(3</etc/ld.so.cache>)        = 0
50184 openat(AT_FDCWD</home/katya/PycharmProjects/laboratory_works_asd_2_sem/3_lab_calc>, "/lib64/libc.so.6", O_RDONLY|O_CLOEXEC) = 3</usr/lib64/libc.so.6>
50184 read(3</usr/lib64/libc.so.6>, "\177ELF\2\1\1\3\0\0\0\0\0\0\0\0\3\0>\0\1\0\0\0\2408\0\0\0\0\0\0@\0\0\0\0\0\0\0\260\316%\0\0\0\0\0\0\0\0\0@\08\0\16\0@\0D\0C\0\6\0\0\0\4\0\0\0@\0\0\0\0\0\0\0@\0\0\0\0\0\0\0@\0\0\0\0\0\0\0\20\3\0\0\0\0\0\0\20\3\0\0\0\0\0\0\10\0\0\0\0\0\0\0\3\0\0\0\4\0\0\0\0\360\33\0\0\0\0\0\0\360\33\0\0\0\0\0\0\360\33\0\0\0\0\0\34\0\0\0\0\0\0\0\34\0\0\0\0\0\0\0\20\0\0\0\0\0\0\0\1\0\0\0\5\0\0\0\0\0\0\0\0\0\0\0\0\0\0\0\0\0\0\0\0\0\0\0\0\0\0\0-\36\27\0\0\0\0\0-\36\27\0\0\0\0\0\0\20\0\0\0\0\0\0\1\0\0\0\4\0\0\0\0 \27\0\0\0\0\0\0 \27\0\0\0\0\0\0 \27\0\0\0\0\0\10\216\7\0\0\0\0\0\10\216\7\0\0\0\0\0\0\20\0\0\0\0\0\0\1\0\0\0\6\0\0\0x\273\36\0"..., 832) = 832
50184 pread64(3</usr/lib64/libc.so.6>, "\6\0\0\0\4\0\0\0@\0\0\0\0\0\0\0@\0\0\0\0\0\0\0@\0\0\0\0\0\0\0\20\3\0\0\0\0\0\0\20\3\0\0\0\0\0\0\10\0\0\0\0\0\0\0\3\0\0\0\4\0\0\0\0\360\33\0\0\0\0\0\0\360\33\0\0\0\0\0\0\360\33\0\0\0\0\0\34\0\0\0\0\0\0\0\34\0\0\0\0\0\0\0\20\0\0\0\0\0\0\0\1\0\0\0\5\0\0\0\0\0\0\0\0\0\0\0\0\0\0\0\0\0\0\0\0\0\0\0\0\0\0\0-\36\27\0\0\0\0\0-\36\27\0\0\0\0\0\0\20\0\0\0\0\0\0\1\0\0\0\4\0\0\0\0 \27\0\0\0\0\0\0 \27\0\0\0\0\0\0 \27\0\0\0\0\0\10\216\7\0\0\0\0\0\10\216\7\0\0\0\0\0\0\20\0\0\0\0\0\0\1\0\0\0\6\0\0\0x\273\36\0\0\0\0\0x\273\36\0\0\0\0\0x\273\36\0\0\0\0\0\20K\0\0\0\0\0\0\370\317\0\0\0\0\0\0\0\20\0\0\0\0\0\0\2\0\0\0\6\0\0\0 \351\36\0\0\0\0\0 \351\36\0"..., 784, 64) = 784
50184 fstat(3</usr/lib64/libc.so.6>, {st_mode=S_IFREG|0755, st_size=2482096, ...}) = 0
50184 mmap(NULL, 8192, PROT_READ|PROT_WRITE, MAP_PRIVATE|MAP_ANONYMOUS, -1, 0) = 0x7f1984b2b000
50184 pread64(3</usr/lib64/libc.so.6>, "\6\0\0\0\4\0\0\0@\0\0\0\0\0\0\0@\0\0\0\0\0\0\0@\0\0\0\0\0\0\0\20\3\0\0\0\0\0\0\20\3\0\0\0\0\0\0\10\0\0\0\0\0\0\0\3\0\0\0\4\0\0\0\0\360\33\0\0\0\0\0\0\360\33\0\0\0\0\0\0\360\33\0\0\0\0\0\34\0\0\0\0\0\0\0\34\0\0\0\0\0\0\0\20\0\0\0\0\0\0\0\1\0\0\0\5\0\0\0\0\0\0\0\0\0\0\0\0\0\0\0\0\0\0\0\0\0\0\0\0\0\0\0-\36\27\0\0\0\0\0-\36\27\0\0\0\0\0\0\20\0\0\0\0\0\0\1\0\0\0\4\0\0\0\0 \27\0\0\0\0\0\0 \27\0\0\0\0\0\0 \27\0\0\0\0\0\10\216\7\0\0\0\0\0\10\216\7\0\0\0\0\0\0\20\0\0\0\0\0\0\1\0\0\0\6\0\0\0x\273\36\0\0\0\0\0x\273\36\0\0\0\0\0x\273\36\0\0\0\0\0\20K\0\0\0\0\0\0\370\317\0\0\0\0\0\0\0\20\0\0\0\0\0\0\2\0\0\0\6\0\0\0 \351\36\0\0\0\0\0 \351\36\0"..., 784, 64) = 784
50184 mmap(NULL, 2067312, PROT_READ|PROT_EXEC, MAP_PRIVATE|MAP_DENYWRITE, 3</usr/lib64/libc.so.6>, 0) = 0x7f1984932000
50184 mmap(0x7f1984aa4000, 495616, PROT_READ, MAP_PRIVATE|MAP_FIXED|MAP_DENYWRITE, 3</usr/lib64/libc.so.6>, 0x172000) = 0x7f1984aa4000
50184 mmap(0x7f1984b1d000, 24576, PROT_READ|PROT_WRITE, MAP_PRIVATE|MAP_FIXED|MAP_DENYWRITE, 3</usr/lib64/libc.so.6>, 0x1eb000) = 0x7f1984b1d000
50184 mmap(0x7f1984b23000, 31600, PROT_READ|PROT_WRITE, MAP_PRIVATE|MAP_FIXED|MAP_ANONYMOUS, -1, 0) = 0x7f1984b23000
50184 close(3</usr/lib64/libc.so.6>)    = 0
50184 mmap(NULL, 12288, PROT_READ|PROT_WRITE, MAP_PRIVATE|MAP_ANONYMOUS, -1, 0) = 0x7f198492f000
50184 arch_prctl(ARCH_SET_FS, 0x7f198492f740) = 0
50184 set_tid_address(0x7f198492fd68)   = 50184
50184 set_robust_list(0x7f198492fa20, 24) = 0
50184 rseq({cpu_id_start=0, cpu_id=RSEQ_CPU_ID_UNINITIALIZED, rseq_cs=NULL, flags=0, node_id=0, mm_cid=0, slice_ctrl={request=0, granted=0, __reserved=0}, __reserved=0}, 33, 0, 0x53053053) = 0
50184 mprotect(0x7f1984b1d000, 16384, PROT_READ) = 0
50184 mprotect(0x403000, 4096, PROT_READ) = 0
50184 mprotect(0x7f1984b81000, 8192, PROT_READ) = 0
50184 prlimit64(0, RLIMIT_STACK, NULL, {rlim_cur=8192*1024, rlim_max=RLIM64_INFINITY}) = 0
50184 getrandom("\x17\x11\xfd\x62\x84\x18\x4c\x97", 8, GRND_NONBLOCK) = 8
50184 munmap(0x7f1984b2d000, 82771)     = 0
50184 fstat(1</dev/pts/0>, {st_mode=S_IFCHR|0600, st_rdev=makedev(0x88, 0), ...}) = 0
50184 brk(NULL)                         = 0x1dc05000
50184 brk(0x1dc26000)                   = 0x1dc26000
50184 fstat(0</home/katya/PycharmProjects/laboratory_works_asd_2_sem/3_lab_calc/cmd.txt>, {st_mode=S_IFREG|0644, st_size=11, ...}) = 0
50184 read(0</home/katya/PycharmProjects/laboratory_works_asd_2_sem/3_lab_calc/cmd.txt>, "2+3*4\nexit\n", 4096) = 11
50184 write(1</dev/pts/0>, "\320\222\320\262\320\265\320\264\320\270\321\202\320\265 \320\262\321\213\321\200\320\260\320\266\320\265\320\275\320\270\320\265 \320\270\320\273\320\270 exit \320\264\320\273\321\217 \320\262\321\213\321\205\320\276\320\264\320\260: \320\236\320\237\320\227: 2 3 4 * +\n", 85) = 85
50184 write(1</dev/pts/0>, "\320\224\320\265\321\200\320\265\320\262\320\276:\n", 14) = 14
50184 write(1</dev/pts/0>, "+\n", 2)    = 2
50184 write(1</dev/pts/0>, "  *\n", 4)  = 4
50184 write(1</dev/pts/0>, "    4\n", 6) = 6
50184 write(1</dev/pts/0>, "    3\n", 6) = 6
50184 write(1</dev/pts/0>, "  2\n", 4)  = 4
50184 write(1</dev/pts/0>, "\320\240\320\265\320\267\321\203\320\273\321\214\321\202\320\260\321\202: 2 + 12\n", 27) = 27
50184 write(1</dev/pts/0>, "\320\222\320\262\320\265\320\264\320\270\321\202\320\265 \320\262\321\213\321\200\320\260\320\266\320\265\320\275\320\270\320\265 \320\270\320\273\320\270 exit \320\264\320\273\321\217 \320\262\321\213\321\205\320\276\320\264\320\260: ", 67) = 67
50184 exit_group(0)                     = ?
50184 +++ exited with 0 +++
