51282 execve("./main", ["./main"], 0x7ffd44939bb0 /* 55 vars */) = 0
51282 brk(NULL)                         = 0x307ae000
51282 access("/etc/ld.so.preload", R_OK) = -1 ENOENT (Нет такого файла или каталога)
51282 openat(AT_FDCWD</home/katya/PycharmProjects/laboratory_works_asd_2_sem/5_lab_graphs>, "/etc/ld.so.cache", O_RDONLY|O_CLOEXEC) = 3</etc/ld.so.cache>
51282 fstat(3</etc/ld.so.cache>, {st_mode=S_IFREG|0644, st_size=82771, ...}) = 0
51282 mmap(NULL, 82771, PROT_READ, MAP_PRIVATE, 3</etc/ld.so.cache>, 0) = 0x7f47cda66000
51282 close(3</etc/ld.so.cache>)        = 0
51282 openat(AT_FDCWD</home/katya/PycharmProjects/laboratory_works_asd_2_sem/5_lab_graphs>, "/lib64/libc.so.6", O_RDONLY|O_CLOEXEC) = 3</usr/lib64/libc.so.6>
51282 read(3</usr/lib64/libc.so.6>, "\177ELF\2\1\1\3\0\0\0\0\0\0\0\0\3\0>\0\1\0\0\0\2408\0\0\0\0\0\0@\0\0\0\0\0\0\0\260\316%\0\0\0\0\0\0\0\0\0@\08\0\16\0@\0D\0C\0\6\0\0\0\4\0\0\0@\0\0\0\0\0\0\0@\0\0\0\0\0\0\0@\0\0\0\0\0\0\0\20\3\0\0\0\0\0\0\20\3\0\0\0\0\0\0\10\0\0\0\0\0\0\0\3\0\0\0\4\0\0\0\0\360\33\0\0\0\0\0\0\360\33\0\0\0\0\0\0\360\33\0\0\0\0\0\34\0\0\0\0\0\0\0\34\0\0\0\0\0\0\0\20\0\0\0\0\0\0\0\1\0\0\0\5\0\0\0\0\0\0\0\0\0\0\0\0\0\0\0\0\0\0\0\0\0\0\0\0\0\0\0-\36\27\0\0\0\0\0-\36\27\0\0\0\0\0\0\20\0\0\0\0\0\0\1\0\0\0\4\0\0\0\0 \27\0\0\0\0\0\0 \27\0\0\0\0\0\0 \27\0\0\0\0\0\10\216\7\0\0\0\0\0\10\216\7\0\0\0\0\0\0\20\0\0\0\0\0\0\1\0\0\0\6\0\0\0x\273\36\0"..., 832) = 832
51282 pread64(3</usr/lib64/libc.so.6>, "\6\0\0\0\4\0\0\0@\0\0\0\0\0\0\0@\0\0\0\0\0\0\0@\0\0\0\0\0\0\0\20\3\0\0\0\0\0\0\20\3\0\0\0\0\0\0\10\0\0\0\0\0\0\0\3\0\0\0\4\0\0\0\0\360\33\0\0\0\0\0\0\360\33\0\0\0\0\0\0\360\33\0\0\0\0\0\34\0\0\0\0\0\0\0\34\0\0\0\0\0\0\0\20\0\0\0\0\0\0\0\1\0\0\0\5\0\0\0\0\0\0\0\0\0\0\0\0\0\0\0\0\0\0\0\0\0\0\0\0\0\0\0-\36\27\0\0\0\0\0-\36\27\0\0\0\0\0\0\20\0\0\0\0\0\0\1\0\0\0\4\0\0\0\0 \27\0\0\0\0\0\0 \27\0\0\0\0\0\0 \27\0\0\0\0\0\10\216\7\0\0\0\0\0\10\216\7\0\0\0\0\0\0\20\0\0\0\0\0\0\1\0\0\0\6\0\0\0x\273\36\0\0\0\0\0x\273\36\0\0\0\0\0x\273\36\0\0\0\0\0\20K\0\0\0\0\0\0\370\317\0\0\0\0\0\0\0\20\0\0\0\0\0\0\2\0\0\0\6\0\0\0 \351\36\0\0\0\0\0 \351\36\0"..., 784, 64) = 784
51282 fstat(3</usr/lib64/libc.so.6>, {st_mode=S_IFREG|0755, st_size=2482096, ...}) = 0
51282 mmap(NULL, 8192, PROT_READ|PROT_WRITE, MAP_PRIVATE|MAP_ANONYMOUS, -1, 0) = 0x7f47cda64000
51282 pread64(3</usr/lib64/libc.so.6>, "\6\0\0\0\4\0\0\0@\0\0\0\0\0\0\0@\0\0\0\0\0\0\0@\0\0\0\0\0\0\0\20\3\0\0\0\0\0\0\20\3\0\0\0\0\0\0\10\0\0\0\0\0\0\0\3\0\0\0\4\0\0\0\0\360\33\0\0\0\0\0\0\360\33\0\0\0\0\0\0\360\33\0\0\0\0\0\34\0\0\0\0\0\0\0\34\0\0\0\0\0\0\0\20\0\0\0\0\0\0\0\1\0\0\0\5\0\0\0\0\0\0\0\0\0\0\0\0\0\0\0\0\0\0\0\0\0\0\0\0\0\0\0-\36\27\0\0\0\0\0-\36\27\0\0\0\0\0\0\20\0\0\0\0\0\0\1\0\0\0\4\0\0\0\0 \27\0\0\0\0\0\0 \27\0\0\0\0\0\0 \27\0\0\0\0\0\10\216\7\0\0\0\0\0\10\216\7\0\0\0\0\0\0\20\0\0\0\0\0\0\1\0\0\0\6\0\0\0x\273\36\0\0\0\0\0x\273\36\0\0\0\0\0x\273\36\0\0\0\0\0\20K\0\0\0\0\0\0\370\317\0\0\0\0\0\0\0\20\0\0\0\0\0\0\2\0\0\0\6\0\0\0 \351\36\0\0\0\0\0 \351\36\0"..., 784, 64) = 784
51282 mmap(NULL, 2067312, PROT_READ|PROT_EXEC, MAP_PRIVATE|MAP_DENYWRITE, 3</usr/lib64/libc.so.6>, 0) = 0x7f47cd86b000
51282 mmap(0x7f47cd9dd000, 495616, PROT_READ, MAP_PRIVATE|MAP_FIXED|MAP_DENYWRITE, 3</usr/lib64/libc.so.6>, 0x172000) = 0x7f47cd9dd000
51282 mmap(0x7f47cda56000, 24576, PROT_READ|PROT_WRITE, MAP_PRIVATE|MAP_FIXED|MAP_DENYWRITE, 3</usr/lib64/libc.so.6>, 0x1eb000) = 0x7f47cda56000
51282 mmap(0x7f47cda5c000, 31600, PROT_READ|PROT_WRITE, MAP_PRIVATE|MAP_FIXED|MAP_ANONYMOUS, -1, 0) = 0x7f47cda5c000
51282 close(3</usr/lib64/libc.so.6>)    = 0
51282 mmap(NULL, 12288, PROT_READ|PROT_WRITE, MAP_PRIVATE|MAP_ANONYMOUS, -1, 0) = 0x7f47cd868000
51282 arch_prctl(ARCH_SET_FS, 0x7f47cd868740) = 0
51282 set_tid_address(0x7f47cd868d68)   = 51282
51282 set_robust_list(0x7f47cd868a20, 24) = 0
51282 rseq({cpu_id_start=0, cpu_id=RSEQ_CPU_ID_UNINITIALIZED, rseq_cs=NULL, flags=0, node_id=0, mm_cid=0, slice_ctrl={request=0, granted=0, __reserved=0}, __reserved=0}, 33, 0, 0x53053053) = 0
51282 mprotect(0x7f47cda56000, 16384, PROT_READ) = 0
51282 mprotect(0x404000, 4096, PROT_READ) = 0
51282 mprotect(0x7f47cdaba000, 8192, PROT_READ) = 0
51282 prlimit64(0, RLIMIT_STACK, NULL, {rlim_cur=8192*1024, rlim_max=RLIM64_INFINITY}) = 0
51282 getrandom("\x36\xba\x5e\x08\x58\xa7\x9d\x30", 8, GRND_NONBLOCK) = 8
51282 munmap(0x7f47cda66000, 82771)     = 0
51282 fstat(1</dev/pts/0>, {st_mode=S_IFCHR|0600, st_rdev=makedev(0x88, 0), ...}) = 0
51282 brk(NULL)                         = 0x307ae000
51282 brk(0x307cf000)                   = 0x307cf000
51282 write(1</dev/pts/0>, "\n", 1)     = 1
51282 write(1</dev/pts/0>, "    \320\234\320\265\320\275\321\216\n", 13) = 13
51282 write(1</dev/pts/0>, "0 - \320\262\321\213\321\205\320\276\320\264\n", 15) = 15
51282 write(1</dev/pts/0>, "1 - \320\262\320\262\320\265\321\201\321\202\320\270 \320\274\320\260\321\202\321\200\320\270\321\206\321\203 \320\262 \321\202\320\265\321\200\320\274\320\270\320\275\320\260\320\273\320\265  ->  \320\262\321\213\320\262\320\265\321\201\321\202\320\270 \320\234\320\236\320\224 \320\262 \321\202\320\265\321\200\320\274\320\270\320\275\320\260\320\273\n", 101) = 101
51282 write(1</dev/pts/0>, "2 - \320\262\320\262\320\265\321\201\321\202\320\270 \320\274\320\260\321\202\321\200\320\270\321\206\321\203 \320\262 \321\202\320\265\321\200\320\274\320\270\320\275\320\260\320\273\320\265  ->  \320\267\320\260\320\277\320\270\321\201\320\260\321\202\321\214 \320\234\320\236\320\224 \320\262 \321\204\320\260\320\271\320\273\n", 95) = 95
51282 write(1</dev/pts/0>, "3 - \320\277\321\200\320\276\321\207\320\270\321\202\320\260\321\202\321\214 \320\274\320\260\321\202\321\200\320\270\321\206\321\203 \320\270\320\267 \321\204\320\260\320\271\320\273\320\260  ->  \320\262\321\213\320\262\320\265\321\201\321\202\320\270 \320\234\320\236\320\224 \320\262 \321\202\320\265\321\200\320\274\320\270\320\275\320\260\320\273\n", 101) = 101
51282 write(1</dev/pts/0>, "4 - \320\277\321\200\320\276\321\207\320\270\321\202\320\260\321\202\321\214 \320\274\320\260\321\202\321\200\320\270\321\206\321\203 \320\270\320\267 \321\204\320\260\320\271\320\273\320\260  ->  \320\267\320\260\320\277\320\270\321\201\320\260\321\202\321\214 \320\234\320\236\320\224 \320\262 \321\204\320\260\320\271\320\273\n", 95) = 95
51282 write(1</dev/pts/0>, "\320\222\321\213\320\261\320\276\321\200: ", 12) = 12
51282 fstat(0</home/katya/PycharmProjects/laboratory_works_asd_2_sem/5_lab_graphs/cmd.txt>, {st_mode=S_IFREG|0644, st_size=37, ...}) = 0
51282 read(0</home/katya/PycharmProjects/laboratory_works_asd_2_sem/5_lab_graphs/cmd.txt>, "4\nfiles/input.txt\nfiles/output.txt\n0\n", 4096) = 37
51282 write(1</dev/pts/0>, "\320\230\320\274\321\217 \321\204\320\260\320\271\320\273\320\260 \321\201 \320\274\320\260\321\202\321\200\320\270\321\206\320\265\320\271: ", 39) = 39
51282 write(1</dev/pts/0>, "\320\230\320\274\321\217 \321\204\320\260\320\271\320\273\320\260 \320\264\320\273\321\217 \320\267\320\260\320\277\320\270\321\201\320\270 \320\234\320\236\320\224: ", 46) = 46
51282 openat(AT_FDCWD</home/katya/PycharmProjects/laboratory_works_asd_2_sem/5_lab_graphs>, "files/input.txt", O_RDONLY) = 3</home/katya/PycharmProjects/laboratory_works_asd_2_sem/5_lab_graphs/files/input.txt>
51282 fstat(3</home/katya/PycharmProjects/laboratory_works_asd_2_sem/5_lab_graphs/files/input.txt>, {st_mode=S_IFREG|0644, st_size=37, ...}) = 0
51282 read(3</home/katya/PycharmProjects/laboratory_works_asd_2_sem/5_lab_graphs/files/input.txt>, "4\n0 10 6 5\n10 0 0 15\n6 0 0 4\n5 15 4 0", 4096) = 37
51282 read(3</home/katya/PycharmProjects/laboratory_works_asd_2_sem/5_lab_graphs/files/input.txt>, "", 4096) = 0
51282 close(3</home/katya/PycharmProjects/laboratory_works_asd_2_sem/5_lab_graphs/files/input.txt>) = 0
51282 openat(AT_FDCWD</home/katya/PycharmProjects/laboratory_works_asd_2_sem/5_lab_graphs>, "files/output.txt", O_WRONLY|O_CREAT|O_TRUNC, 0666) = 3</home/katya/PycharmProjects/laboratory_works_asd_2_sem/5_lab_graphs/files/output.txt>
51282 fstat(3</home/katya/PycharmProjects/laboratory_works_asd_2_sem/5_lab_graphs/files/output.txt>, {st_mode=S_IFREG|0644, st_size=0, ...}) = 0
51282 write(1</dev/pts/0>, "\320\234\320\236\320\224 \320\267\320\260\320\277\320\270\321\201\320\260\320\275 \320\262 \"files/output.txt\".\n", 45) = 45
51282 write(3</home/katya/PycharmProjects/laboratory_works_asd_2_sem/5_lab_graphs/files/output.txt>, "\320\240\321\221\320\261\321\200\320\260 \320\274\320\270\320\275\320\270\320\274\320\260\320\273\321\214\320\275\320\276\320\263\320\276 \320\276\321\201\321\202\320\276\320\262\320\275\320\276\320\263\320\276 \320\264\320\265\321\200\320\265\320\262\320\260:\n  \320\222\320\265\321\200\321\210\320\270\320\275\320\260 2 - \320\222\320\265\321\200\321\210\320\270\320\275\320\260 3  (\320\262\320\265\321\201 4)\n  \320\222\320\265\321\200\321\210\320\270\320\275\320\260 0 - \320\222\320\265\321\200\321\210\320\270\320\275\320\260 3  (\320\262\320\265\321\201 5)\n  \320\222\320\265\321\200\321\210\320\270\320\275\320\260 0 - \320\222\320\265\321\200\321\210\320\270\320\275\320\260 1  (\320\262\320\265\321\201 10)\n\320\236\320\261\321\211\320\270\320\271 \320\262\320\265\321\201 \320\276\321\201\321\202\320\276\320\262\320\260: 19\n", 255) = 255
51282 close(3</home/katya/PycharmProjects/laboratory_works_asd_2_sem/5_lab_graphs/files/output.txt>) = 0
51282 write(1</dev/pts/0>, "\n", 1)     = 1
51282 write(1</dev/pts/0>, "    \320\234\320\265\320\275\321\216\n", 13) = 13
51282 write(1</dev/pts/0>, "0 - \320\262\321\213\321\205\320\276\320\264\n", 15) = 15
51282 write(1</dev/pts/0>, "1 - \320\262\320\262\320\265\321\201\321\202\320\270 \320\274\320\260\321\202\321\200\320\270\321\206\321\203 \320\262 \321\202\320\265\321\200\320\274\320\270\320\275\320\260\320\273\320\265  ->  \320\262\321\213\320\262\320\265\321\201\321\202\320\270 \320\234\320\236\320\224 \320\262 \321\202\320\265\321\200\320\274\320\270\320\275\320\260\320\273\n", 101) = 101
51282 write(1</dev/pts/0>, "2 - \320\262\320\262\320\265\321\201\321\202\320\270 \320\274\320\260\321\202\321\200\320\270\321\206\321\203 \320\262 \321\202\320\265\321\200\320\274\320\270\320\275\320\260\320\273\320\265  ->  \320\267\320\260\320\277\320\270\321\201\320\260\321\202\321\214 \320\234\320\236\320\224 \320\262 \321\204\320\260\320\271\320\273\n", 95) = 95
51282 write(1</dev/pts/0>, "3 - \320\277\321\200\320\276\321\207\320\270\321\202\320\260\321\202\321\214 \320\274\320\260\321\202\321\200\320\270\321\206\321\203 \320\270\320\267 \321\204\320\260\320\271\320\273\320\260  ->  \320\262\321\213\320\262\320\265\321\201\321\202\320\270 \320\234\320\236\320\224 \320\262 \321\202\320\265\321\200\320\274\320\270\320\275\320\260\320\273\n", 101) = 101
51282 write(1</dev/pts/0>, "4 - \320\277\321\200\320\276\321\207\320\270\321\202\320\260\321\202\321\214 \320\274\320\260\321\202\321\200\320\270\321\206\321\203 \320\270\320\267 \321\204\320\260\320\271\320\273\320\260  ->  \320\267\320\260\320\277\320\270\321\201\320\260\321\202\321\214 \320\234\320\236\320\224 \320\262 \321\204\320\260\320\271\320\273\n", 95) = 95
51282 write(1</dev/pts/0>, "\320\222\321\213\320\261\320\276\321\200: ", 12) = 12
51282 write(1</dev/pts/0>, "\320\222\321\213\321\205\320\276\320\264.\n", 12) = 12
51282 exit_group(0)                     = ?
51282 +++ exited with 0 +++
