49510 execve("./main", ["./main"], 0x7fff035f9400 /* 54 vars */) = 0
49510 brk(NULL)                         = 0x26319000
49510 access("/etc/ld.so.preload", R_OK) = -1 ENOENT (Нет такого файла или каталога)
49510 openat(AT_FDCWD</home/katya/PycharmProjects/laboratory_works_asd_2_sem/1_lab_trees>, "/etc/ld.so.cache", O_RDONLY|O_CLOEXEC) = 3</etc/ld.so.cache>
49510 fstat(3</etc/ld.so.cache>, {st_mode=S_IFREG|0644, st_size=82771, ...}) = 0
49510 mmap(NULL, 82771, PROT_READ, MAP_PRIVATE, 3</etc/ld.so.cache>, 0) = 0x7f74cda9a000
49510 close(3</etc/ld.so.cache>)        = 0
49510 openat(AT_FDCWD</home/katya/PycharmProjects/laboratory_works_asd_2_sem/1_lab_trees>, "/lib64/libc.so.6", O_RDONLY|O_CLOEXEC) = 3</usr/lib64/libc.so.6>
49510 read(3</usr/lib64/libc.so.6>, "\177ELF\2\1\1\3\0\0\0\0\0\0\0\0\3\0>\0\1\0\0\0\2408\0\0\0\0\0\0@\0\0\0\0\0\0\0\260\316%\0\0\0\0\0\0\0\0\0@\08\0\16\0@\0D\0C\0\6\0\0\0\4\0\0\0@\0\0\0\0\0\0\0@\0\0\0\0\0\0\0@\0\0\0\0\0\0\0\20\3\0\0\0\0\0\0\20\3\0\0\0\0\0\0\10\0\0\0\0\0\0\0\3\0\0\0\4\0\0\0\0\360\33\0\0\0\0\0\0\360\33\0\0\0\0\0\0\360\33\0\0\0\0\0\34\0\0\0\0\0\0\0\34\0\0\0\0\0\0\0\20\0\0\0\0\0\0\0\1\0\0\0\5\0\0\0\0\0\0\0\0\0\0\0\0\0\0\0\0\0\0\0\0\0\0\0\0\0\0\0-\36\27\0\0\0\0\0-\36\27\0\0\0\0\0\0\20\0\0\0\0\0\0\1\0\0\0\4\0\0\0\0 \27\0\0\0\0\0\0 \27\0\0\0\0\0\0 \27\0\0\0\0\0\10\216\7\0\0\0\0\0\10\216\7\0\0\0\0\0\0\20\0\0\0\0\0\0\1\0\0\0\6\0\0\0x\273\36\0"..., 832) = 832
49510 pread64(3</usr/lib64/libc.so.6>, "\6\0\0\0\4\0\0\0@\0\0\0\0\0\0\0@\0\0\0\0\0\0\0@\0\0\0\0\0\0\0\20\3\0\0\0\0\0\0\20\3\0\0\0\0\0\0\10\0\0\0\0\0\0\0\3\0\0\0\4\0\0\0\0\360\33\0\0\0\0\0\0\360\33\0\0\0\0\0\0\360\33\0\0\0\0\0\34\0\0\0\0\0\0\0\34\0\0\0\0\0\0\0\20\0\0\0\0\0\0\0\1\0\0\0\5\0\0\0\0\0\0\0\0\0\0\0\0\0\0\0\0\0\0\0\0\0\0\0\0\0\0\0-\36\27\0\0\0\0\0-\36\27\0\0\0\0\0\0\20\0\0\0\0\0\0\1\0\0\0\4\0\0\0\0 \27\0\0\0\0\0\0 \27\0\0\0\0\0\0 \27\0\0\0\0\0\10\216\7\0\0\0\0\0\10\216\7\0\0\0\0\0\0\20\0\0\0\0\0\0\1\0\0\0\6\0\0\0x\273\36\0\0\0\0\0x\273\36\0\0\0\0\0x\273\36\0\0\0\0\0\20K\0\0\0\0\0\0\370\317\0\0\0\0\0\0\0\20\0\0\0\0\0\0\2\0\0\0\6\0\0\0 \351\36\0\0\0\0\0 \351\36\0"..., 784, 64) = 784
49510 fstat(3</usr/lib64/libc.so.6>, {st_mode=S_IFREG|0755, st_size=2482096, ...}) = 0
49510 mmap(NULL, 8192, PROT_READ|PROT_WRITE, MAP_PRIVATE|MAP_ANONYMOUS, -1, 0) = 0x7f74cda98000
49510 pread64(3</usr/lib64/libc.so.6>, "\6\0\0\0\4\0\0\0@\0\0\0\0\0\0\0@\0\0\0\0\0\0\0@\0\0\0\0\0\0\0\20\3\0\0\0\0\0\0\20\3\0\0\0\0\0\0\10\0\0\0\0\0\0\0\3\0\0\0\4\0\0\0\0\360\33\0\0\0\0\0\0\360\33\0\0\0\0\0\0\360\33\0\0\0\0\0\34\0\0\0\0\0\0\0\34\0\0\0\0\0\0\0\20\0\0\0\0\0\0\0\1\0\0\0\5\0\0\0\0\0\0\0\0\0\0\0\0\0\0\0\0\0\0\0\0\0\0\0\0\0\0\0-\36\27\0\0\0\0\0-\36\27\0\0\0\0\0\0\20\0\0\0\0\0\0\1\0\0\0\4\0\0\0\0 \27\0\0\0\0\0\0 \27\0\0\0\0\0\0 \27\0\0\0\0\0\10\216\7\0\0\0\0\0\10\216\7\0\0\0\0\0\0\20\0\0\0\0\0\0\1\0\0\0\6\0\0\0x\273\36\0\0\0\0\0x\273\36\0\0\0\0\0x\273\36\0\0\0\0\0\20K\0\0\0\0\0\0\370\317\0\0\0\0\0\0\0\20\0\0\0\0\0\0\2\0\0\0\6\0\0\0 \351\36\0\0\0\0\0 \351\36\0"..., 784, 64) = 784
49510 mmap(NULL, 2067312, PROT_READ|PROT_EXEC, MAP_PRIVATE|MAP_DENYWRITE, 3</usr/lib64/libc.so.6>, 0) = 0x7f74cd89f000
49510 mmap(0x7f74cda11000, 495616, PROT_READ, MAP_PRIVATE|MAP_FIXED|MAP_DENYWRITE, 3</usr/lib64/libc.so.6>, 0x172000) = 0x7f74cda11000
49510 mmap(0x7f74cda8a000, 24576, PROT_READ|PROT_WRITE, MAP_PRIVATE|MAP_FIXED|MAP_DENYWRITE, 3</usr/lib64/libc.so.6>, 0x1eb000) = 0x7f74cda8a000
49510 mmap(0x7f74cda90000, 31600, PROT_READ|PROT_WRITE, MAP_PRIVATE|MAP_FIXED|MAP_ANONYMOUS, -1, 0) = 0x7f74cda90000
49510 close(3</usr/lib64/libc.so.6>)    = 0
49510 mmap(NULL, 12288, PROT_READ|PROT_WRITE, MAP_PRIVATE|MAP_ANONYMOUS, -1, 0) = 0x7f74cd89c000
49510 arch_prctl(ARCH_SET_FS, 0x7f74cd89c740) = 0
49510 set_tid_address(0x7f74cd89cd68)   = 49510
49510 set_robust_list(0x7f74cd89ca20, 24) = 0
49510 rseq({cpu_id_start=0, cpu_id=RSEQ_CPU_ID_UNINITIALIZED, rseq_cs=NULL, flags=0, node_id=0, mm_cid=0, slice_ctrl={request=0, granted=0, __reserved=0}, __reserved=0}, 33, 0, 0x53053053) = 0
49510 mprotect(0x7f74cda8a000, 16384, PROT_READ) = 0
49510 mprotect(0x402000, 4096, PROT_READ) = 0
49510 mprotect(0x7f74cdaee000, 8192, PROT_READ) = 0
49510 prlimit64(0, RLIMIT_STACK, NULL, {rlim_cur=8192*1024, rlim_max=RLIM64_INFINITY}) = 0
49510 getrandom("\xcc\x8a\x3b\xad\xa3\x05\x39\xbf", 8, GRND_NONBLOCK) = 8
49510 munmap(0x7f74cda9a000, 82771)     = 0
49510 fstat(1</dev/pts/0>, {st_mode=S_IFCHR|0600, st_rdev=makedev(0x88, 0), ...}) = 0
49510 brk(NULL)                         = 0x26319000
49510 brk(0x2633a000)                   = 0x2633a000
49510 write(1</dev/pts/0>, "\320\224\320\276\321\201\321\202\321\203\320\277\320\275\321\213\320\265 \320\272\320\276\320\274\320\260\320\275\320\264\321\213:\n", 35) = 35
49510 write(1</dev/pts/0>, "create <\320\267\320\275\320\260\321\207\320\265\320\275\320\270\320\265>         - \321\201\320\276\320\267\320\264\320\260\321\202\321\214 \320\272\320\276\321\200\320\265\320\275\321\214 \320\264\320\265\321\200\320\265\320\262\320\260\n", 77) = 77
49510 write(1</dev/pts/0>, "add <\321\200\320\276\320\264\320\270\321\202\320\265\320\273\321\214> <\320\267\320\275\320\260\321\207\320\265\320\275\320\270\320\265> - \320\264\320\276\320\261\320\260\320\262\320\270\321\202\321\214 \321\203\320\267\320\265\320\273\n", 70) = 70
49510 write(1</dev/pts/0>, "delete <\320\267\320\275\320\260\321\207\320\265\320\275\320\270\320\265>         - \321\203\320\264\320\260\320\273\320\270\321\202\321\214 \321\203\320\267\320\265\320\273 \320\270 \320\277\320\276\320\264\320\264\320\265\321\200\320\265\320\262\320\276\n", 82) = 82
49510 write(1</dev/pts/0>, "print                     - \320\262\321\213\320\262\320\265\321\201\321\202\320\270 \320\264\320\265\321\200\320\265\320\262\320\276\n", 56) = 56
49510 write(1</dev/pts/0>, "minleaf                   - \320\273\320\270\321\201\321\202 \320\274\320\270\320\275\320\270\320\274\320\260\320\273\321\214\320\275\320\276\320\271 \320\263\320\273\321\203\320\261\320\270\320\275\321\213\n", 75) = 75
49510 write(1</dev/pts/0>, "exit                      - \320\262\321\213\321\205\320\276\320\264\n", 39) = 39
49510 fstat(0</home/katya/PycharmProjects/laboratory_works_asd_2_sem/1_lab_trees/cmd.txt>, {st_mode=S_IFREG|0644, st_size=48, ...}) = 0
49510 read(0</home/katya/PycharmProjects/laboratory_works_asd_2_sem/1_lab_trees/cmd.txt>, "create 10\nadd 10 5\nadd 10 15\nprint\nminleaf\nexit\n", 4096) = 48
49510 write(1</dev/pts/0>, "> \320\241\320\276\320\267\320\264\320\260\320\275 \320\272\320\276\321\200\320\265\320\275\321\214 10\n", 31) = 31
49510 write(1</dev/pts/0>, "> \320\243\320\267\320\265\320\273 5 \320\264\320\276\320\261\320\260\320\262\320\273\320\265\320\275 \320\272\320\260\320\272 \320\277\320\276\321\202\320\276\320\274\320\276\320\272 10\n", 55) = 55
49510 write(1</dev/pts/0>, "> \320\243\320\267\320\265\320\273 15 \320\264\320\276\320\261\320\260\320\262\320\273\320\265\320\275 \320\272\320\260\320\272 \320\277\320\276\321\202\320\276\320\274\320\276\320\272 10\n", 56) = 56
49510 write(1</dev/pts/0>, "> \320\241\321\202\321\200\321\203\320\272\321\202\321\203\321\200\320\260 \320\264\320\265\321\200\320\265\320\262\320\260:\n", 35) = 35
49510 write(1</dev/pts/0>, "10\n", 3)   = 3
49510 write(1</dev/pts/0>, "  5\n", 4)  = 4
49510 write(1</dev/pts/0>, "  15\n", 5) = 5
49510 write(1</dev/pts/0>, "> \320\233\320\270\321\201\321\202 \321\201 \320\274\320\270\320\275\320\270\320\274\320\260\320\273\321\214\320\275\320\276\320\271 \320\263\320\273\321\203\320\261\320\270\320\275\320\276\320\271: 5\n", 57) = 57
49510 write(1</dev/pts/0>, "> \320\222\321\213\321\205\320\276\320\264.\n", 14) = 14
49510 lseek(0</home/katya/PycharmProjects/laboratory_works_asd_2_sem/1_lab_trees/cmd.txt>, -1, SEEK_CUR) = 47
49510 exit_group(0)                     = ?
49510 +++ exited with 0 +++
